[dotenv@17.2.3] injecting env (20) from .env -- tip: ΓÜÖ∩╕Å  suppress all logs with { quiet: true }
node : Test Error: MongooseError: The `uri` 
parameter to `openUri()` must be a string, got 
"undefined". Make sure the first parameter to 
`mongoose.connect()` or 
`mongoose.createConnection()` is a string.
At line:1 char:1
+ node test_claim_logic.js > test_output.txt 2>&1
+ ~~~~~~~~~~~~~~~~~~~~~~~~~~~~~~~~~~~~~~~~~~~~~~~
    + CategoryInfo          : NotSpecified: (Tes 
   t Error: Mon...)` is a string.:String) [], R  
  emoteException
    + FullyQualifiedErrorId : NativeCommandError
 
    at NativeConnection.createClient 
(C:\Users\Akshayaa\Downloads\KK360 3 (3) 2\KK360 
3\KK360\KK360\backend\node_modules\mongoose\lib\d
rivers\node-mongodb-native\connection.js:237:11)
    at NativeConnection.openUri 
(C:\Users\Akshayaa\Downloads\KK360 3 (3) 2\KK360 
3\KK360\KK360\backend\node_modules\mongoose\lib\c
onnection.js:1071:34)
    at Mongoose.connect 
(C:\Users\Akshayaa\Downloads\KK360 3 (3) 2\KK360 
3\KK360\KK360\backend\node_modules\mongoose\lib\m
ongoose.js:450:15)
    at runTest 
(C:\Users\Akshayaa\Downloads\KK360 3 (3) 2\KK360 
3\KK360\KK360\backend\test_claim_logic.js:16:24)
    at Object.<anonymous> 
(C:\Users\Akshayaa\Downloads\KK360 3 (3) 2\KK360 
3\KK360\KK360\backend\test_claim_logic.js:84:1)
    at Module._compile 
(node:internal/modules/cjs/loader:1529:14)
    at Module._extensions..js 
(node:internal/modules/cjs/loader:1613:10)
    at Module.load 
(node:internal/modules/cjs/loader:1275:32)
    at Module._load 
(node:internal/modules/cjs/loader:1096:12)
    at Function.executeUserEntryPoint [as 
runMain] (node:internal/modules/run_main:164:12)
